
> pearl-li@0.1.0 dev
> next dev

▲ Next.js 16.2.4 (Turbopack)
- Local:         http://localhost:3000
- Network:       http://192.168.8.131:3000
- Environments: .env
✓ Ready in 584ms

 GET /products/ct-love-ring-65mm-ceramic 200 in 992ms (next.js: 681ms, application-code: 311ms)
 GET /api/categories 200 in 120ms (next.js: 67ms, application-code: 53ms)
 GET /api/collections 200 in 120ms (next.js: 107ms, application-code: 13ms)
 GET /shop 200 in 180ms (next.js: 77ms, application-code: 103ms)
 GET /api/categories 200 in 37ms (next.js: 17ms, application-code: 20ms)
 GET /api/categories 200 in 33ms (next.js: 13ms, application-code: 19ms)
 GET /products/ct-love-hoop-earrings-26mm 200 in 102ms (next.js: 33ms, application-code: 69ms)
[browser] Detected `scroll-behavior: smooth` on the `<html>` element. To disable smooth scrolling during route transitions, add `data-scroll-behavior="smooth"` to your <html> element. Learn more: https://nextjs.org/docs/messages/missing-data-scroll-behavior
 GET /api/categories 200 in 27ms (next.js: 6ms, application-code: 21ms)
 GET /api/categories 200 in 32ms (next.js: 5ms, application-code: 27ms)
 GET /products/ct-love-hoop-earrings-57mm-2-diamonds 200 in 96ms (next.js: 27ms, application-code: 69ms)
 GET /api/categories 200 in 28ms (next.js: 7ms, application-code: 21ms)
 GET /api/categories 200 in 14ms (next.js: 6ms, application-code: 8ms)
 GET / 200 in 261ms (next.js: 120ms, application-code: 141ms)
 GET /shop 200 in 80ms (next.js: 10ms, application-code: 69ms)
 GET /api/categories 200 in 20ms (next.js: 5ms, application-code: 15ms)
 GET /api/categories 200 in 28ms (next.js: 9ms, application-code: 19ms)
 GET /products/ct-love-necklace-double-ring 200 in 101ms (next.js: 33ms, application-code: 68ms)
 GET /api/categories 200 in 20ms (next.js: 7ms, application-code: 13ms)
 GET /api/categories 200 in 16ms (next.js: 5ms, application-code: 11ms)
 GET /products/ct-love-hoop-earrings-36mm-paved 200 in 77ms (next.js: 27ms, application-code: 50ms)
 GET /api/categories 200 in 31ms (next.js: 7ms, application-code: 24ms)
 GET /api/categories 200 in 28ms (next.js: 8ms, application-code: 19ms)
 GET /products/ct-love-earrings-multiwear-half-paved 200 in 114ms (next.js: 32ms, application-code: 82ms)
 GET / 200 in 96ms (next.js: 6ms, application-code: 89ms)
 GET /admin 200 in 3.0s (next.js: 2.6s, application-code: 405ms)
 GET /admin/categories 200 in 861ms (next.js: 809ms, application-code: 52ms)
[browser] Detected `scroll-behavior: smooth` on the `<html>` element. To disable smooth scrolling during route transitions, add `data-scroll-behavior="smooth"` to your <html> element. Learn more: https://nextjs.org/docs/messages/missing-data-scroll-behavior
 GET /api/admin/categories 200 in 403ms (next.js: 379ms, application-code: 24ms)
 GET /api/admin/categories 200 in 13ms (next.js: 3ms, application-code: 10ms)
 POST /api/admin/categories 200 in 60ms (next.js: 9ms, application-code: 52ms)
 GET /api/admin/categories 200 in 15ms (next.js: 4ms, application-code: 10ms)
 GET /shop 200 in 90ms (next.js: 9ms, application-code: 81ms)
 GET /api/categories 200 in 50ms (next.js: 9ms, application-code: 41ms)
 GET /api/categories 200 in 28ms (next.js: 13ms, application-code: 15ms)
 GET /admin/products 200 in 1028ms (next.js: 936ms, application-code: 91ms)
 GET /api/categories 200 in 44ms (next.js: 13ms, application-code: 31ms)
 GET /api/categories 200 in 17ms (next.js: 6ms, application-code: 11ms)
 GET /products/ct-love-bracelet-365mm-diamond-paved 200 in 117ms (next.js: 49ms, application-code: 68ms)
 GET /api/categories 200 in 35ms (next.js: 18ms, application-code: 16ms)
 GET /api/categories 200 in 19ms (next.js: 10ms, application-code: 9ms)
✓ Compiled in 118ms
 GET /api/categories 200 in 126ms (next.js: 105ms, application-code: 21ms)
 GET /admin/products 200 in 434ms (next.js: 184ms, application-code: 250ms)
 GET /shop 200 in 754ms (next.js: 178ms, application-code: 576ms)
✓ Compiled in 118ms
 GET /shop 200 in 519ms (next.js: 94ms, application-code: 426ms)
 GET /admin/products 200 in 328ms (next.js: 232ms, application-code: 96ms)
[browser] A component is changing an uncontrolled input to be controlled. This is likely caused by the value changing from undefined to a defined value, which should not happen. Decide between using a controlled or uncontrolled input element for the lifetime of the component. More info: https://react.dev/link/controlled-components 
 GET /admin/products 200 in 335ms (next.js: 7ms, application-code: 328ms)
 GET /api/categories 200 in 85ms (next.js: 66ms, application-code: 19ms)
 GET /products/ct-love-bracelet-365mm-diamond-paved 200 in 150ms (next.js: 62ms, application-code: 88ms)
 PUT /api/admin/products/ct-love-bracelet-3.65mm-diamond-paved 200 in 1364ms (next.js: 1336ms, application-code: 28ms)
 GET /admin/products 200 in 247ms (next.js: 4ms, application-code: 243ms)
 GET /api/categories 200 in 13ms (next.js: 5ms, application-code: 8ms)
 GET /products/ct-love-bracelet-365mm-diamond-paved 200 in 253ms (next.js: 35ms, application-code: 219ms)
 GET /api/categories 200 in 16ms (next.js: 6ms, application-code: 10ms)
 GET /api/collections 200 in 64ms (next.js: 47ms, application-code: 16ms)
 PUT /api/admin/products/ct-love-bracelet-3.65mm-diamond-paved 200 in 46ms (next.js: 23ms, application-code: 23ms)
 GET /admin/products 200 in 151ms (next.js: 5ms, application-code: 146ms)
 GET /api/categories 200 in 11ms (next.js: 4ms, application-code: 7ms)
 GET /products/ct-love-bracelet-365mm-diamond-paved 200 in 132ms (next.js: 26ms, application-code: 106ms)
 GET /api/categories 200 in 16ms (next.js: 5ms, application-code: 10ms)
 GET /api/collections 200 in 17ms (next.js: 7ms, application-code: 10ms)
✓ Compiled in 157ms
 GET /admin/products 200 in 419ms (next.js: 79ms, application-code: 340ms)
 GET /admin/products 200 in 249ms (next.js: 4ms, application-code: 245ms)
 GET /products/ct-love-bracelet-365mm-diamond-paved 200 in 251ms (next.js: 76ms, application-code: 176ms)
 GET /products/ct-love-bracelet-365mm-diamond-paved 200 in 89ms (next.js: 5ms, application-code: 83ms)
 GET /admin/products 200 in 255ms (next.js: 72ms, application-code: 183ms)
 GET /products/ct-love-bracelet-365mm-diamond-paved 200 in 124ms (next.js: 43ms, application-code: 81ms)
✓ Compiled in 146ms
 GET /admin/products 200 in 334ms (next.js: 100ms, application-code: 234ms)
 GET /products/ct-love-bracelet-365mm-diamond-paved 200 in 200ms (next.js: 108ms, application-code: 92ms)
✓ Compiled in 107ms
 GET /admin/products 200 in 413ms (next.js: 108ms, application-code: 304ms)
 GET /products/ct-love-bracelet-365mm-diamond-paved 200 in 238ms (next.js: 153ms, application-code: 84ms)
 GET /admin/products 200 in 231ms (next.js: 64ms, application-code: 167ms)
 GET /products/ct-love-bracelet-365mm-diamond-paved 200 in 122ms (next.js: 33ms, application-code: 89ms)
 GET /admin/products 200 in 255ms (next.js: 72ms, application-code: 184ms)
 GET /products/ct-love-bracelet-365mm-diamond-paved 200 in 129ms (next.js: 31ms, application-code: 97ms)
✓ Compiled in 111ms
 GET /admin/products 200 in 482ms (next.js: 126ms, application-code: 356ms)
 GET /products/ct-love-bracelet-365mm-diamond-paved 200 in 285ms (next.js: 141ms, application-code: 143ms)
 GET /shop 200 in 366ms (next.js: 213ms, application-code: 154ms)
 GET /api/categories 200 in 123ms (next.js: 99ms, application-code: 24ms)
 GET /api/categories 200 in 31ms (next.js: 6ms, application-code: 25ms)
 GET /admin/categories 200 in 236ms (next.js: 180ms, application-code: 56ms)
[browser] Detected `scroll-behavior: smooth` on the `<html>` element. To disable smooth scrolling during route transitions, add `data-scroll-behavior="smooth"` to your <html> element. Learn more: https://nextjs.org/docs/messages/missing-data-scroll-behavior
 GET /api/admin/categories 200 in 83ms (next.js: 65ms, application-code: 18ms)
 GET /api/admin/categories 200 in 18ms (next.js: 7ms, application-code: 10ms)
 GET /admin/products 200 in 87ms (next.js: 8ms, application-code: 80ms)
 GET /api/categories 200 in 27ms (next.js: 7ms, application-code: 20ms)
 GET /api/categories 200 in 34ms (next.js: 6ms, application-code: 28ms)
✓ Compiled in 135ms
 GET /admin/products 200 in 577ms (next.js: 138ms, application-code: 438ms)
 GET /shop 200 in 635ms (next.js: 395ms, application-code: 240ms)
 GET /admin/categories 200 in 204ms (next.js: 146ms, application-code: 58ms)
 GET /api/admin/categories 200 in 78ms (next.js: 60ms, application-code: 17ms)
 GET /api/admin/categories 200 in 13ms (next.js: 4ms, application-code: 10ms)
 GET /shop 200 in 440ms (next.js: 9ms, application-code: 430ms)
 GET /api/categories 200 in 113ms (next.js: 48ms, application-code: 65ms)
 GET /api/collections 200 in 114ms (next.js: 96ms, application-code: 18ms)
 GET /api/categories 200 in 18ms (next.js: 6ms, application-code: 12ms)
 DELETE /api/admin/categories/cmpzlb8lh0000dw0d3yx8aj8x 200 in 1144ms (next.js: 1111ms, application-code: 33ms)
 GET /shop 200 in 128ms (next.js: 6ms, application-code: 122ms)
 GET /api/categories 200 in 24ms (next.js: 7ms, application-code: 17ms)
 GET /api/collections 200 in 25ms (next.js: 14ms, application-code: 11ms)
 GET /api/categories 200 in 11ms (next.js: 3ms, application-code: 8ms)
 GET /shop 200 in 20ms (next.js: 7ms, application-code: 13ms)
 GET /shop 200 in 54ms (next.js: 4ms, application-code: 50ms)
 GET /shop 200 in 18ms (next.js: 4ms, application-code: 14ms)
 GET /shop 200 in 68ms (next.js: 5ms, application-code: 63ms)
 GET /products/ct-love-ring-55mm-3-diamonds 200 in 297ms (next.js: 195ms, application-code: 103ms)
[browser] Detected `scroll-behavior: smooth` on the `<html>` element. To disable smooth scrolling during route transitions, add `data-scroll-behavior="smooth"` to your <html> element. Learn more: https://nextjs.org/docs/messages/missing-data-scroll-behavior
 GET / 200 in 317ms (next.js: 214ms, application-code: 103ms)
 GET /shop 200 in 419ms (next.js: 89ms, application-code: 330ms)
 GET /api/categories 200 in 47ms (next.js: 13ms, application-code: 34ms)
 GET /api/categories 200 in 32ms (next.js: 12ms, application-code: 19ms)
 GET /collections 200 in 412ms (next.js: 256ms, application-code: 156ms)
 GET /specials 200 in 234ms (next.js: 72ms, application-code: 162ms)
 GET /specials 200 in 88ms (next.js: 5ms, application-code: 82ms)
 GET /collections 200 in 102ms (next.js: 17ms, application-code: 84ms)
 GET /admin/promotions 200 in 1714ms (next.js: 1623ms, application-code: 91ms)
 GET /admin 200 in 363ms (next.js: 255ms, application-code: 108ms)
 GET /collections 200 in 55ms (next.js: 8ms, application-code: 47ms)
 GET /collections/CT%20Series 200 in 1919ms (next.js: 1640ms, application-code: 279ms)
 GET /collections/CT%20Series 200 in 145ms (next.js: 30ms, application-code: 115ms)
 GET /collections 200 in 76ms (next.js: 8ms, application-code: 68ms)
✓ Compiled in 616ms
 GET /collections 200 in 1393ms (next.js: 561ms, application-code: 833ms)
 GET /admin 200 in 1409ms (next.js: 1148ms, application-code: 261ms)
✓ Compiled in 159ms
 GET /admin 200 in 477ms (next.js: 359ms, application-code: 117ms)
 GET /collections 200 in 480ms (next.js: 127ms, application-code: 353ms)
✓ Compiled in 107ms
 GET /collections 200 in 332ms (next.js: 213ms, application-code: 119ms)
 GET /admin 200 in 336ms (next.js: 110ms, application-code: 227ms)
